Release 12.4 - xst M.81d (lin64)
Copyright (c) 1995-2010 Xilinx, Inc.  All rights reserved.
--> 
Parameter TMPDIR set to xst/projnav.tmp


Total REAL time to Xst completion: 0.00 secs
Total CPU time to Xst completion: 0.03 secs
 
--> 
Parameter xsthdpdir set to xst


Total REAL time to Xst completion: 0.00 secs
Total CPU time to Xst completion: 0.03 secs
 
--> 
Reading design: top.prj

TABLE OF CONTENTS
  1) Synthesis Options Summary
  2) HDL Parsing
  3) HDL Elaboration
  4) HDL Synthesis
       4.1) HDL Synthesis Report
  5) Advanced HDL Synthesis
       5.1) Advanced HDL Synthesis Report
  6) Low Level Synthesis
  7) Partition Report
  8) Design Summary
       8.1) Primitive and Black Box Usage
       8.2) Device utilization summary
       8.3) Partition Resource Summary
       8.4) Timing Report
            8.4.1) Clock Information
            8.4.2) Asynchronous Control Signals Information
            8.4.3) Timing Summary
            8.4.4) Timing Details
            8.4.5) Cross Clock Domains Report


=========================================================================
*                      Synthesis Options Summary                        *
=========================================================================
---- Source Parameters
Input File Name                    : "top.prj"
Input Format                       : mixed
Ignore Synthesis Constraint File   : NO

---- Target Parameters
Output File Name                   : "top"
Output Format                      : NGC
Target Device                      : xc6slx16-3-csg324

---- Source Options
Top Module Name                    : top
Automatic FSM Extraction           : YES
FSM Encoding Algorithm             : Auto
Safe Implementation                : No
FSM Style                          : LUT
RAM Extraction                     : Yes
RAM Style                          : Auto
ROM Extraction                     : Yes
Shift Register Extraction          : YES
ROM Style                          : Auto
Resource Sharing                   : YES
Asynchronous To Synchronous        : NO
Shift Register Minimum Size        : 2
Use DSP Block                      : Auto
Automatic Register Balancing       : No

---- Target Options
LUT Combining                      : Auto
Reduce Control Sets                : Auto
Add IO Buffers                     : YES
Global Maximum Fanout              : 100000
Add Generic Clock Buffer(BUFG)     : 16
Register Duplication               : YES
Optimize Instantiated Primitives   : NO
Use Clock Enable                   : Auto
Use Synchronous Set                : Auto
Use Synchronous Reset              : Auto
Pack IO Registers into IOBs        : Auto
Equivalent register Removal        : YES

---- General Options
Optimization Goal                  : Speed
Optimization Effort                : 1
Power Reduction                    : NO
Keep Hierarchy                     : No
Netlist Hierarchy                  : As_Optimized
RTL Output                         : Yes
Global Optimization                : AllClockNets
Read Cores                         : YES
Write Timing Constraints           : NO
Cross Clock Analysis               : NO
Hierarchy Separator                : /
Bus Delimiter                      : <>
Case Specifier                     : Maintain
Slice Utilization Ratio            : 100
BRAM Utilization Ratio             : 100
DSP48 Utilization Ratio            : 100
Auto BRAM Packing                  : NO
Slice Utilization Ratio Delta      : 5

=========================================================================


=========================================================================
*                          HDL Parsing                                  *
=========================================================================
Parsing VHDL file "/home/m1/noirbent/AEO/TP_Controle/TP/x7seg.vhd" into library work
Parsing entity <x7seg>.
Parsing architecture <Behavioral> of entity <x7seg>.
Parsing VHDL file "/home/m1/noirbent/AEO/TP_Controle/TP/top.vhd" into library work
Parsing entity <transform>.
Parsing architecture <Behavioral> of entity <transform>.
Parsing VHDL file "/home/m1/noirbent/AEO/TP_Controle/TP/state.vhd" into library work
Parsing entity <state>.
Parsing architecture <Behavioral> of entity <state>.
Parsing VHDL file "/home/m1/noirbent/AEO/TP_Controle/TP/clkdiv.vhd" into library work
Parsing entity <clkdiv>.
Parsing architecture <clkdiv> of entity <clkdiv>.
Parsing VHDL file "/home/m1/noirbent/AEO/TP_Controle/TP/top2.vhd" into library work
Parsing entity <top>.
Parsing architecture <Behavioral> of entity <top>.

=========================================================================
*                            HDL Elaboration                            *
=========================================================================

Elaborating entity <top> (architecture <Behavioral>) from library <work>.

Elaborating entity <transform> (architecture <Behavioral>) from library <work>.

Elaborating entity <x7seg> (architecture <Behavioral>) from library <work>.

Elaborating entity <clkdiv> (architecture <clkdiv>) from library <work>.

Elaborating entity <state> (architecture <Behavioral>) from library <work>.
WARNING:Xst:2972 - "/home/m1/noirbent/AEO/TP_Controle/TP/top2.vhd" line 92. All outputs of instance <Inst_transform> of block <transform> are unconnected in block <top>. Underlying logic will be removed.
WARNING:Xst:2972 - "/home/m1/noirbent/AEO/TP_Controle/TP/top2.vhd" line 93. All outputs of instance <Inst_x7seg1> of block <x7seg> are unconnected in block <top>. Underlying logic will be removed.
WARNING:Xst:2972 - "/home/m1/noirbent/AEO/TP_Controle/TP/top2.vhd" line 94. All outputs of instance <Inst_x7seg2> of block <x7seg> are unconnected in block <top>. Underlying logic will be removed.
WARNING:Xst:2972 - "/home/m1/noirbent/AEO/TP_Controle/TP/top2.vhd" line 95. All outputs of instance <Inst_x7seg3> of block <x7seg> are unconnected in block <top>. Underlying logic will be removed.
WARNING:Xst:2972 - "/home/m1/noirbent/AEO/TP_Controle/TP/top2.vhd" line 96. All outputs of instance <Inst_x7seg4> of block <x7seg> are unconnected in block <top>. Underlying logic will be removed.

=========================================================================
*                           HDL Synthesis                               *
=========================================================================

Synthesizing Unit <top>.
    Related source file is "/home/m1/noirbent/AEO/TP_Controle/TP/top2.vhd".
INFO:Xst:3010 - "/home/m1/noirbent/AEO/TP_Controle/TP/top2.vhd" line 93: Output port <sevenseg> of the instance <Inst_x7seg1> is unconnected or connected to loadless signal.
INFO:Xst:3010 - "/home/m1/noirbent/AEO/TP_Controle/TP/top2.vhd" line 94: Output port <sevenseg> of the instance <Inst_x7seg2> is unconnected or connected to loadless signal.
INFO:Xst:3010 - "/home/m1/noirbent/AEO/TP_Controle/TP/top2.vhd" line 95: Output port <sevenseg> of the instance <Inst_x7seg3> is unconnected or connected to loadless signal.
INFO:Xst:3010 - "/home/m1/noirbent/AEO/TP_Controle/TP/top2.vhd" line 96: Output port <sevenseg> of the instance <Inst_x7seg4> is unconnected or connected to loadless signal.
INFO:Xst:3010 - "/home/m1/noirbent/AEO/TP_Controle/TP/top2.vhd" line 97: Output port <E190> of the instance <Inst_clkdiv> is unconnected or connected to loadless signal.
    Summary:
	no macro.
Unit <top> synthesized.

Synthesizing Unit <clkdiv>.
    Related source file is "/home/m1/noirbent/AEO/TP_Controle/TP/clkdiv.vhd".
    Found 1-bit register for signal <E190>.
    Found 24-bit register for signal <q>.
    Found 24-bit adder for signal <q[23]_GND_8_o_add_0_OUT> created at line 21.
    Summary:
	inferred   1 Adder/Subtractor(s).
	inferred  25 D-type flip-flop(s).
Unit <clkdiv> synthesized.

Synthesizing Unit <state>.
    Related source file is "/home/m1/noirbent/AEO/TP_Controle/TP/state.vhd".
    Found 4-bit register for signal <anodes>.
    Found 2-bit register for signal <state>.
    Found finite state machine <FSM_0> for signal <state>.
    -----------------------------------------------------------------------
    | States             | 4                                              |
    | Transitions        | 4                                              |
    | Inputs             | 0                                              |
    | Outputs            | 7                                              |
    | Clock              | clk190 (rising_edge)                           |
    | Power Up State     | st1                                            |
    | Encoding           | auto                                           |
    | Implementation     | LUT                                            |
    -----------------------------------------------------------------------
WARNING:Xst:737 - Found 1-bit latch for signal <anodes_i<3>>. Latches may be generated from incomplete case or if statements. We do not recommend the use of latches in FPGA/CPLD designs, as they may lead to timing problems.
WARNING:Xst:737 - Found 1-bit latch for signal <anodes_i<2>>. Latches may be generated from incomplete case or if statements. We do not recommend the use of latches in FPGA/CPLD designs, as they may lead to timing problems.
WARNING:Xst:737 - Found 1-bit latch for signal <anodes_i<1>>. Latches may be generated from incomplete case or if statements. We do not recommend the use of latches in FPGA/CPLD designs, as they may lead to timing problems.
WARNING:Xst:737 - Found 1-bit latch for signal <anodes_i<0>>. Latches may be generated from incomplete case or if statements. We do not recommend the use of latches in FPGA/CPLD designs, as they may lead to timing problems.
    Summary:
	inferred   4 D-type flip-flop(s).
	inferred   4 Latch(s).
	inferred   1 Multiplexer(s).
	inferred   1 Finite State Machine(s).
Unit <state> synthesized.
RTL-Simplification CPUSTAT: 0.00 
RTL-BasicInf CPUSTAT: 0.08 
RTL-BasicOpt CPUSTAT: 0.00 
RTL-Remain-Bus CPUSTAT: 0.00 

=========================================================================
HDL Synthesis Report

Macro Statistics
# Adders/Subtractors                                   : 1
 24-bit adder                                          : 1
# Registers                                            : 3
 1-bit register                                        : 1
 24-bit register                                       : 1
 4-bit register                                        : 1
# Latches                                              : 4
 1-bit latch                                           : 4
# Multiplexers                                         : 1
 1-bit 2-to-1 multiplexer                              : 1
# FSMs                                                 : 1

=========================================================================

=========================================================================
*                       Advanced HDL Synthesis                          *
=========================================================================


Synthesizing (advanced) Unit <clkdiv>.
The following registers are absorbed into counter <q>: 1 register on signal <q>.
Unit <clkdiv> synthesized (advanced).

=========================================================================
Advanced HDL Synthesis Report

Macro Statistics
# Adders/Subtractors                                   : 1
 24-bit adder                                          : 1
# Counters                                             : 1
 24-bit up counter                                     : 1
# Registers                                            : 5
 Flip-Flops                                            : 5
# Multiplexers                                         : 1
 1-bit 2-to-1 multiplexer                              : 1
# FSMs                                                 : 1

=========================================================================

=========================================================================
*                         Low Level Synthesis                           *
=========================================================================
WARNING:Xst:2677 - Node <Inst_clkdiv/E190> of sequential type is unconnected in block <top>.
Analyzing FSM <MFsm> for best encoding.
Optimizing FSM <Inst_state/FSM_0> on signal <state[1:4]> with one-hot encoding.
-------------------
 State | Encoding
-------------------
 st1   | 0001
 st2   | 0010
 st3   | 0100
 st4   | 1000
-------------------
WARNING:Xst:2677 - Node <Inst_clkdiv/q_19> of sequential type is unconnected in block <top>.
WARNING:Xst:2677 - Node <Inst_clkdiv/q_20> of sequential type is unconnected in block <top>.
WARNING:Xst:2677 - Node <Inst_clkdiv/q_21> of sequential type is unconnected in block <top>.
WARNING:Xst:2677 - Node <Inst_clkdiv/q_22> of sequential type is unconnected in block <top>.
WARNING:Xst:2677 - Node <Inst_clkdiv/q_23> of sequential type is unconnected in block <top>.
WARNING:Xst:3002 - This design contains one or more registers/latches that are directly
   incompatible with the Spartan6 architecture. The two primary causes of this is
   either a register or latch described with both an asynchronous set and
   asynchronous reset, or a register or latch described with an asynchronous
   set or reset which however has an initialization value of the opposite 
   polarity (i.e. asynchronous reset with an initialization value of 1).
    While this circuit can be built, it creates a sub-optimal implementation
   in terms of area, power and performance. For a more optimal implementation
   Xilinx highly recommends one of the following:

          1) Remove either the set or reset from all registers and latches
             if not needed for required functionality
          2) Modify the code in order to produce a synchronous set
             and/or reset (both is preferred)
          3) Ensure all registers have the same initialization value as the
             described asynchronous set or reset polarity
          4) Use the -async_to_sync option to transform the asynchronous
             set/reset to synchronous operation
             (timing simulation highly recommended when using this option)

  Please refer to http://www.xilinx.com search string "Spartan6 asynchronous set/reset" for more details.

  List of register instances with asynchronous set and reset:
    anodes_i_2 in unit <state>
    anodes_i_1 in unit <state>
    anodes_i_3 in unit <state>
    anodes_i_0 in unit <state>


Optimizing unit <top> ...

Optimizing unit <state> ...

Mapping all equations...
Building and optimizing final netlist ...
Found area constraint ratio of 100 (+ 5) on block top, actual ratio is 0.

Final Macro Processing ...

=========================================================================
Final Register Report

Macro Statistics
# Registers                                            : 27
 Flip-Flops                                            : 27

=========================================================================

=========================================================================
*                           Partition Report                            *
=========================================================================

Partition Implementation Status
-------------------------------

  No Partitions were found in this design.

-------------------------------

=========================================================================
*                            Design Summary                             *
=========================================================================

Top Level Output File Name         : top.ngc

Primitive and Black Box Usage:
------------------------------
# BELS                             : 63
#      GND                         : 1
#      INV                         : 1
#      LUT1                        : 18
#      LUT4                        : 5
#      MUXCY                       : 18
#      VCC                         : 1
#      XORCY                       : 19
# FlipFlops/Latches                : 31
#      FD                          : 27
#      LD                          : 4
# Clock Buffers                    : 1
#      BUFGP                       : 1
# IO Buffers                       : 4
#      OBUF                        : 4

Device utilization summary:
---------------------------

Selected Device : 6slx16csg324-3 


Slice Logic Utilization: 
 Number of Slice Registers:              27  out of  18224     0%  
 Number of Slice LUTs:                   24  out of   9112     0%  
    Number used as Logic:                24  out of   9112     0%  

Slice Logic Distribution: 
 Number of LUT Flip Flop pairs used:     28
   Number with an unused Flip Flop:       1  out of     28     3%  
   Number with an unused LUT:             4  out of     28    14%  
   Number of fully used LUT-FF pairs:    23  out of     28    82%  
   Number of unique control sets:         3

IO Utilization: 
 Number of IOs:                          21
 Number of bonded IOBs:                   5  out of    232     2%  
    IOB Flip Flops/Latches:               4

Specific Feature Utilization:
 Number of BUFG/BUFGCTRLs:                1  out of     16     6%  

---------------------------
Partition Resource Summary:
---------------------------

  No Partitions were found in this design.

---------------------------


=========================================================================
Timing Report

NOTE: THESE TIMING NUMBERS ARE ONLY A SYNTHESIS ESTIMATE.
      FOR ACCURATE TIMING INFORMATION PLEASE REFER TO THE TRACE REPORT
      GENERATED AFTER PLACE-and-ROUTE.

Clock Information:
------------------
--------------------------------------------------+--------------------------------+-------+
Clock Signal                                      | Clock buffer(FF name)          | Load  |
--------------------------------------------------+--------------------------------+-------+
clk                                               | BUFGP                          | 19    |
Inst_clkdiv/q_18                                  | NONE(Inst_state/state_FSM_FFd4)| 8     |
Inst_state/anodes_i_0_G(Inst_state/anodes_i_2_G:O)| NONE(*)(Inst_state/anodes_i_2) | 4     |
--------------------------------------------------+--------------------------------+-------+
(*) This 1 clock signal(s) are generated by combinatorial logic,
and XST is not able to identify which are the primary clock signals.
Please use the CLOCK_SIGNAL constraint to specify the clock signal(s) generated by combinatorial logic.
INFO:Xst:2169 - HDL ADVISOR - Some clock signals were not automatically buffered by XST with BUFG/BUFR resources. Please use the buffer_type constraint in order to insert these buffers to the clock signals to help prevent skew problems.

Asynchronous Control Signals Information:
----------------------------------------
No asynchronous control signals found in this design

Timing Summary:
---------------
Speed Grade: -3

   Minimum period: 2.009ns (Maximum Frequency: 497.797MHz)
   Minimum input arrival time before clock: No path found
   Maximum output required time after clock: 3.597ns
   Maximum combinational path delay: No path found

Timing Details:
---------------
All values displayed in nanoseconds (ns)

=========================================================================
Timing constraint: Default period analysis for Clock 'clk'
  Clock period: 2.009ns (frequency: 497.797MHz)
  Total number of paths / destination ports: 190 / 19
-------------------------------------------------------------------------
Delay:               2.009ns (Levels of Logic = 20)
  Source:            Inst_clkdiv/q_0 (FF)
  Destination:       Inst_clkdiv/q_18 (FF)
  Source Clock:      clk rising
  Destination Clock: clk rising

  Data Path: Inst_clkdiv/q_0 to Inst_clkdiv/q_18
                                Gate     Net
    Cell:in->out      fanout   Delay   Delay  Logical Name (Net Name)
    ----------------------------------------  ------------
     FD:C->Q               1   0.447   0.579  Inst_clkdiv/q_0 (Inst_clkdiv/q_0)
     INV:I->O              1   0.206   0.000  Inst_clkdiv/Mcount_q_lut<0>_INV_0 (Inst_clkdiv/Mcount_q_lut<0>)
     MUXCY:S->O            1   0.172   0.000  Inst_clkdiv/Mcount_q_cy<0> (Inst_clkdiv/Mcount_q_cy<0>)
     MUXCY:CI->O           1   0.019   0.000  Inst_clkdiv/Mcount_q_cy<1> (Inst_clkdiv/Mcount_q_cy<1>)
     MUXCY:CI->O           1   0.019   0.000  Inst_clkdiv/Mcount_q_cy<2> (Inst_clkdiv/Mcount_q_cy<2>)
     MUXCY:CI->O           1   0.019   0.000  Inst_clkdiv/Mcount_q_cy<3> (Inst_clkdiv/Mcount_q_cy<3>)
     MUXCY:CI->O           1   0.019   0.000  Inst_clkdiv/Mcount_q_cy<4> (Inst_clkdiv/Mcount_q_cy<4>)
     MUXCY:CI->O           1   0.019   0.000  Inst_clkdiv/Mcount_q_cy<5> (Inst_clkdiv/Mcount_q_cy<5>)
     MUXCY:CI->O           1   0.019   0.000  Inst_clkdiv/Mcount_q_cy<6> (Inst_clkdiv/Mcount_q_cy<6>)
     MUXCY:CI->O           1   0.019   0.000  Inst_clkdiv/Mcount_q_cy<7> (Inst_clkdiv/Mcount_q_cy<7>)
     MUXCY:CI->O           1   0.019   0.000  Inst_clkdiv/Mcount_q_cy<8> (Inst_clkdiv/Mcount_q_cy<8>)
     MUXCY:CI->O           1   0.019   0.000  Inst_clkdiv/Mcount_q_cy<9> (Inst_clkdiv/Mcount_q_cy<9>)
     MUXCY:CI->O           1   0.019   0.000  Inst_clkdiv/Mcount_q_cy<10> (Inst_clkdiv/Mcount_q_cy<10>)
     MUXCY:CI->O           1   0.019   0.000  Inst_clkdiv/Mcount_q_cy<11> (Inst_clkdiv/Mcount_q_cy<11>)
     MUXCY:CI->O           1   0.019   0.000  Inst_clkdiv/Mcount_q_cy<12> (Inst_clkdiv/Mcount_q_cy<12>)
     MUXCY:CI->O           1   0.019   0.000  Inst_clkdiv/Mcount_q_cy<13> (Inst_clkdiv/Mcount_q_cy<13>)
     MUXCY:CI->O           1   0.019   0.000  Inst_clkdiv/Mcount_q_cy<14> (Inst_clkdiv/Mcount_q_cy<14>)
     MUXCY:CI->O           1   0.019   0.000  Inst_clkdiv/Mcount_q_cy<15> (Inst_clkdiv/Mcount_q_cy<15>)
     MUXCY:CI->O           1   0.019   0.000  Inst_clkdiv/Mcount_q_cy<16> (Inst_clkdiv/Mcount_q_cy<16>)
     MUXCY:CI->O           0   0.019   0.000  Inst_clkdiv/Mcount_q_cy<17> (Inst_clkdiv/Mcount_q_cy<17>)
     XORCY:CI->O           1   0.180   0.000  Inst_clkdiv/Mcount_q_xor<18> (Result<18>)
     FD:D                      0.102          Inst_clkdiv/q_18
    ----------------------------------------
    Total                      2.009ns (1.430ns logic, 0.579ns route)
                                       (71.2% logic, 28.8% route)

=========================================================================
Timing constraint: Default period analysis for Clock 'Inst_clkdiv/q_18'
  Clock period: 1.293ns (frequency: 773.545MHz)
  Total number of paths / destination ports: 4 / 4
-------------------------------------------------------------------------
Delay:               1.293ns (Levels of Logic = 0)
  Source:            Inst_state/state_FSM_FFd1 (FF)
  Destination:       Inst_state/state_FSM_FFd4 (FF)
  Source Clock:      Inst_clkdiv/q_18 rising
  Destination Clock: Inst_clkdiv/q_18 rising

  Data Path: Inst_state/state_FSM_FFd1 to Inst_state/state_FSM_FFd4
                                Gate     Net
    Cell:in->out      fanout   Delay   Delay  Logical Name (Net Name)
    ----------------------------------------  ------------
     FD:C->Q               6   0.447   0.744  Inst_state/state_FSM_FFd1 (Inst_state/state_FSM_FFd1)
     FD:D                      0.102          Inst_state/state_FSM_FFd4
    ----------------------------------------
    Total                      1.293ns (0.549ns logic, 0.744ns route)
                                       (42.5% logic, 57.5% route)

=========================================================================
Timing constraint: Default OFFSET OUT AFTER for Clock 'Inst_clkdiv/q_18'
  Total number of paths / destination ports: 4 / 4
-------------------------------------------------------------------------
Offset:              3.597ns (Levels of Logic = 1)
  Source:            Inst_state/anodes_3 (FF)
  Destination:       anodes<3> (PAD)
  Source Clock:      Inst_clkdiv/q_18 rising

  Data Path: Inst_state/anodes_3 to anodes<3>
                                Gate     Net
    Cell:in->out      fanout   Delay   Delay  Logical Name (Net Name)
    ----------------------------------------  ------------
     FD:C->Q               1   0.447   0.579  Inst_state/anodes_3 (Inst_state/anodes_3)
     OBUF:I->O                 2.571          anodes_3_OBUF (anodes<3>)
    ----------------------------------------
    Total                      3.597ns (3.018ns logic, 0.579ns route)
                                       (83.9% logic, 16.1% route)

=========================================================================

Cross Clock Domains Report:
--------------------------

Clock to Setup on destination clock Inst_clkdiv/q_18
-----------------------+---------+---------+---------+---------+
                       | Src:Rise| Src:Fall| Src:Rise| Src:Fall|
Source Clock           |Dest:Rise|Dest:Rise|Dest:Fall|Dest:Fall|
-----------------------+---------+---------+---------+---------+
Inst_clkdiv/q_18       |    1.293|         |         |         |
Inst_state/anodes_i_0_G|         |    1.179|         |         |
-----------------------+---------+---------+---------+---------+

Clock to Setup on destination clock Inst_state/anodes_i_0_G
----------------+---------+---------+---------+---------+
                | Src:Rise| Src:Fall| Src:Rise| Src:Fall|
Source Clock    |Dest:Rise|Dest:Rise|Dest:Fall|Dest:Fall|
----------------+---------+---------+---------+---------+
Inst_clkdiv/q_18|         |         |    1.679|         |
----------------+---------+---------+---------+---------+

Clock to Setup on destination clock clk
---------------+---------+---------+---------+---------+
               | Src:Rise| Src:Fall| Src:Rise| Src:Fall|
Source Clock   |Dest:Rise|Dest:Rise|Dest:Fall|Dest:Fall|
---------------+---------+---------+---------+---------+
clk            |    2.009|         |         |         |
---------------+---------+---------+---------+---------+

=========================================================================


Total REAL time to Xst completion: 2.00 secs
Total CPU time to Xst completion: 2.24 secs
 
--> 


Total memory usage is 363168 kilobytes

Number of errors   :    0 (   0 filtered)
Number of warnings :   16 (   0 filtered)
Number of infos    :    6 (   0 filtered)

